
=== |normal elevation| = plane tilt out of vertical (gravity-referenced, no compass)
gate       n     med     MAD     p25     p75 sgn-med   losEl  map azimuth
0        680    7.72    5.76    3.24   17.20   -4.66    4.53  az  173.6 MAD  7.3 n=680
1        770    6.29    5.14    2.42   36.05   -0.72    7.33  az  150.6 MAD  8.8 n=770
2        391    5.53    4.03    2.02   12.28   -1.45   -0.44  az  165.6 MAD 12.9 n=391
3        435   10.62    9.04    2.70   31.63    1.82    4.72  az   36.4 MAD 14.5 n=435
4        691    6.46    3.74    3.05   10.77   -1.18   -0.52  az   39.9 MAD 10.4 n=691
5       1083    5.81    3.70    2.62   11.06   -0.39    3.24  az  173.7 MAD 11.3 n=1083
6        933    5.58    3.43    2.36    9.40    0.48    7.04  az  169.0 MAD  8.6 n=933
7        649    5.01    4.04    1.94   21.48   -2.35    9.61  az   87.9 MAD  6.7 n=649
8       1094   11.26    7.21    3.81   18.19   -0.41    1.03  REFUSED (head-on valley)
9        382   14.63   10.45    2.60   22.86    8.66    0.44  az  132.4 MAD 12.5 n=382
10       151    3.71    2.38    1.60    7.08   -1.14    8.28  az   11.4 MAD  2.4 n=151
11       527    2.59    1.50    1.45    4.96    0.09    2.51  az   51.5 MAD 10.9 n=527
12      1817    3.39    2.25    1.40    6.68   -0.20    1.96  REFUSED (head-on valley)
13       528    3.01    2.19    1.41    8.11   -1.47    3.91  REFUSED (head-on valley)
14        56    2.79    1.51    1.29    4.30   -0.58    1.10  az  134.6 MAD 17.0 n=56
15       301    3.89    2.23    2.29    6.76    2.47   -1.44  az  171.0 MAD 13.1 n=301
16       123    7.85    3.87    4.04   11.81    7.36   -4.84  az  174.7 MAD 17.9 n=123

=== viewpoint dependence: median |tilt| split by SESSION and by RANGE
 gate  0  near<15m 6.8(n609)  far 19.8(n71)   | 115735:5.8(n227) 121520:6.6(n115) 144858:7.2(n164) 202110:12.3(n68) 202923:14.3(n106)
 gate  1  near<15m 5.0(n257)  far 7.7(n513)   | 115735:11.4(n179) 121520:7.6(n134) 144858:6.1(n292) 202110:4.0(n85) 202923:2.7(n80)
 gate  2  near<15m 5.3(n181)  far 5.8(n210)   | 115735:2.2(n9) 121520:3.5(n71) 144858:5.5(n224) 202110:9.6(n11) 202923:16.5(n76)
 gate  3  near<15m 3.6(n222)  far 31.3(n213)   | 115735:3.3(n132) 121520:17.8(n22) 144858:16.8(n63) 202110:5.8(n38) 202923:31.5(n180)
 gate  4  near<15m 5.5(n155)  far 6.6(n536)   | 115735:6.6(n247) 121520:5.2(n164) 144858:9.6(n135) 202110:7.8(n61) 202923:5.7(n84)
 gate  5  near<15m 3.2(n136)  far 6.3(n947)   | 115735:4.0(n462) 121520:8.1(n172) 144858:7.9(n374) 202110:14.2(n29) 202923:14.0(n46)
 gate  6  near<15m 4.6(n309)  far 6.0(n624)   | 115735:4.6(n227) 121520:6.1(n340) 144858:3.8(n195) 202110:7.2(n127) 202923:5.2(n44)
 gate  7  near<15m 6.1(n397)  far 4.1(n252)   | 115735:4.4(n237) 121520:4.0(n66) 144858:5.4(n215) 202110:14.6(n106) 202923:2.2(n25)
 gate  8  near<15m 4.2(n237)  far 13.8(n857)   | 115735:11.6(n226) 121520:15.5(n296) 144858:17.1(n229) 202110:3.3(n322) 202923:4.4(n21)
 gate  9  near<15m 23.9(n144)  far 3.4(n238)   | 115735:21.4(n139) 121520:22.5(n20) 144858:1.8(n93) 202110:15.9(n66) 202923:19.2(n64)
 gate 10  near<15m 3.7(n147)  far 5.7(n4)   | 115735:4.3(n66) 121520:2.0(n17) 144858:3.1(n43) 202923:5.7(n25)
 gate 11  near<15m 1.9(n87)  far 2.9(n440)   | 115735:2.6(n33) 121520:4.0(n20) 144858:2.6(n402) 202110:2.4(n43) 202923:2.4(n29)
 gate 12  near<15m 3.1(n156)  far 3.4(n1661)   | 115735:3.2(n4) 121520:3.8(n180) 144858:3.7(n311) 202110:1.0(n16) 202923:3.3(n1306)
 gate 13  near<15m 10.9(n128)  far 2.4(n400)   | 144858:2.1(n325) 202110:9.2(n185) 202923:6.8(n18)
 gate 14  near<15m 0.9(n19)  far 4.0(n37)   | 121520:0.6(n9) 144858:3.3(n47)
 gate 15  near<15m 2.8(n17)  far 4.1(n284)   | 121520:4.3(n136) 144858:3.9(n165)
 gate 16  near<15m 11.9(n1)  far 7.8(n122)   | 121520:7.8(n123)

=== EDGE TILT (PnP-free: image edge line vs gravity). |lean| of the near-vertical edge pair; horiz = the consistency channel (should track lean)
gate       n lean_med lean_MAD  sgn_med   pairdis horiz_med  n>10deg
0        624     1.96     1.30    -1.35      2.41     83.14     4.0%
1        414     1.61     1.03    -0.63      2.89     77.36     1.7%
2        290     2.81     1.49     1.35      3.66     81.98     1.0%
3        228     1.81     1.16    -0.68      3.34     81.32     3.1%
4        469     2.65     1.15    -1.76      5.20     85.42     4.3%
5        423     2.49     1.00     1.61      4.54     85.08     1.7%
6        427     1.63     0.74    -0.59      3.03     76.45     5.2%
7        577     2.83     1.51    -1.42      5.60     76.07    10.9%
8        270     2.07     1.38    -1.06      2.65     79.47    13.0%
9        264     3.38     1.11     2.76      5.70     83.28     1.9%
10       147     1.32     0.62    -1.11      2.47     76.96     1.4%
11       124     1.31     0.75     0.39      1.89     78.88     2.4%
12       523     3.11     1.45     2.25      5.78     83.81     6.9%
13       295     2.89     1.29     2.40      5.60     82.84     3.4%
14        20     0.86     0.34    -0.68      1.73     63.84     0.0%
15        17  (too few >=25 px rows)
16        67     4.79     1.53     1.76      9.58     83.20     4.5%

=== edge tilt vs VIEWPOINT (a real tilt is a gate property: must not move)
 gate  0  115735:1.2(n227) 121520:3.4(n115) 144858:2.2(n164) 202110:3.1(n68) 202923:3.1(n50)
 gate  1  115735:2.1(n129) 121520:3.1(n25) 144858:1.1(n216) 202110:0.3(n11) 202923:3.6(n33)
 gate  2  115735:0.5(n9) 121520:1.4(n71) 144858:3.9(n165) 202923:2.4(n45)
 gate  3  115735:0.7(n92) 121520:5.7(n22) 202110:1.9(n29) 202923:2.7(n82)
 gate  4  115735:3.1(n136) 121520:4.1(n96) 144858:2.3(n129) 202110:1.0(n60) 202923:2.3(n48)
 gate  5  115735:2.3(n304) 121520:3.6(n99) 144858:1.4(n15)
 gate  6  121520:1.5(n189) 144858:1.8(n180) 202110:2.1(n14) 202923:1.1(n44)
 gate  7  115735:1.7(n220) 121520:3.4(n66) 144858:3.4(n171) 202110:3.6(n95) 202923:1.7(n25)
 gate  8  115735:2.1(n127) 121520:4.4(n39) 144858:17.9(n10) 202110:1.3(n73) 202923:1.7(n21)
 gate  9  115735:2.7(n88) 121520:6.6(n20) 144858:2.9(n93) 202110:4.1(n31) 202923:6.0(n32)
 gate 10  115735:1.7(n62) 121520:1.0(n17) 144858:1.2(n43) 202923:1.5(n25)
 gate 11  115735:0.6(n10) 144858:2.2(n79) 202923:0.8(n29)
 gate 12  121520:3.0(n102) 144858:1.3(n38) 202110:0.6(n16) 202923:3.4(n367)
 gate 13  144858:2.6(n174) 202110:3.5(n121)
 gate 14  121520:1.2(n8) 144858:0.6(n12)
 gate 16  121520:4.8(n67)

=== twin-resolved 3-D plane axis (RANSAC vote over both IPPE solutions)
 gate  0  tilt  2.55 deg  inliers  57.4%  resid_med  7.4 deg  n=680
 gate  1  tilt 55.04 deg  inliers  30.5%  resid_med  4.5 deg  n=770
 gate  2  tilt  4.70 deg  inliers  52.7%  resid_med  9.1 deg  n=391
 gate  3  tilt  0.87 deg  inliers  37.9%  resid_med  5.7 deg  n=435
 gate  4  tilt  0.25 deg  inliers  49.6%  resid_med  8.4 deg  n=691
 gate  5  tilt  3.06 deg  inliers  42.8%  resid_med  7.5 deg  n=1083
 gate  6  tilt  4.64 deg  inliers  34.4%  resid_med  7.8 deg  n=933
 gate  7  tilt  2.42 deg  inliers  46.7%  resid_med  6.1 deg  n=649
 gate  8  tilt 13.09 deg  inliers  42.0%  resid_med  7.1 deg  n=1094
 gate  9  tilt  1.31 deg  inliers  41.9%  resid_med  5.8 deg  n=382
 gate 10  tilt  0.47 deg  inliers  80.8%  resid_med  6.1 deg  n=151
 gate 11  tilt  3.14 deg  inliers  73.6%  resid_med  6.1 deg  n=527
 gate 12  tilt  2.77 deg  inliers  42.3%  resid_med  5.7 deg  n=1817
 gate 13  tilt  7.30 deg  inliers  53.6%  resid_med  5.1 deg  n=528
 gate 14  tilt  0.30 deg  inliers  83.9%  resid_med  7.1 deg  n=56
 gate 15  tilt  1.02 deg  inliers  77.1%  resid_med  5.8 deg  n=301
 gate 16  tilt  9.14 deg  inliers  54.5%  resid_med  7.1 deg  n=123

wrote gatetilt_summary.json
