
=== 20260801-121520-vq2-lap-0-15  6303 frames
  tracks >= 4 obs: 1234   longest [306, 244, 232, 219, 202, 196, 190, 184, 176, 174]
  gate  0: track 6 un-named, contradicts track 0 in-frame by >3 m
  gate  0: track 95 un-named, contradicts track 84 in-frame by >3 m
  gate  0: track 4 un-named, contradicts track 0 in-frame by >3 m
  gate  0: track 85 un-named, contradicts track 84 in-frame by >3 m
  gate  0: track 92 un-named, contradicts track 84 in-frame by >3 m
  gate  1: track 253 un-named, contradicts track 300 in-frame by >3 m
  gate  1: track 117 un-named, contradicts track 106 in-frame by >3 m
  gate  1: track 270 un-named, contradicts track 300 in-frame by >3 m
  gate  1: track 166 un-named, contradicts track 106 in-frame by >3 m
  gate  3: track 647 un-named, contradicts track 591 in-frame by >3 m
  gate  4: track 719 un-named, contradicts track 721 in-frame by >3 m
  gate  5: track 811 un-named, contradicts track 723 in-frame by >3 m
  gate  5: track 775 un-named, contradicts track 723 in-frame by >3 m
  gate  5: track 737 un-named, contradicts track 723 in-frame by >3 m
  gate  7: track 971 un-named, contradicts track 977 in-frame by >3 m
  gate  7: track 983 un-named, contradicts track 977 in-frame by >3 m
  gate  7: track 960 un-named, contradicts track 977 in-frame by >3 m
  gate  7: track 957 un-named, contradicts track 954 in-frame by >3 m
  gate  7: track 980 un-named, contradicts track 977 in-frame by >3 m
  gate  7: track 961 un-named, contradicts track 954 in-frame by >3 m
  gate  8: track 1002 un-named, contradicts track 1060 in-frame by >3 m
  gate 11: track 1448 un-named, contradicts track 1503 in-frame by >3 m
  gate 11: track 1443 un-named, contradicts track 1503 in-frame by >3 m
  gate 12: track 1549 un-named, contradicts track 1558 in-frame by >3 m
  gate 12: track 1550 un-named, contradicts track 1558 in-frame by >3 m
  gate 12: track 1540 un-named, contradicts track 1558 in-frame by >3 m
  gate 12: track 1551 un-named, contradicts track 1541 in-frame by >3 m
  gate 14: track 1755 un-named, contradicts track 1751 in-frame by >3 m
  gate 14: track 1724 un-named, contradicts track 1751 in-frame by >3 m
  gate 14: track 1716 un-named, contradicts track 1751 in-frame by >3 m
  gate 15: track 1842 un-named, contradicts track 1857 in-frame by >3 m
  gate 15: track 1809 un-named, contradicts track 1857 in-frame by >3 m
  gate  0:  2 track(s),   252 obs   102193-102410 101973-102066
  gate  1:  3 track(s),   185 obs   102912-103062 102389-102552 102687-102717
  gate  2:  2 track(s),   112 obs   103055-103262 103398-103411
  gate  3:  1 track(s),    50 obs   103380-103525
  gate  4:  1 track(s),    89 obs   103669-103804
  gate  5:  1 track(s),   232 obs   103696-104104
  gate  6:  1 track(s),   306 obs   104049-104424
  gate  7:  3 track(s),    77 obs   104593-104648 104470-104509 104545-104556
  gate  8:  1 track(s),    36 obs   104859-104933
  gate  9:  1 track(s),    20 obs   105180-105208
  gate 10:  1 track(s),    17 obs   106193-106209
  gate 11:  2 track(s),    91 obs   106106-106353 106449-106455
  gate 12:  3 track(s),   274 obs   106606-106745 106768-106895 106386-106560
  gate 13:  0 track(s),     0 obs   
  gate 14:  1 track(s),    51 obs   107405-107482
  gate 15:  2 track(s),    93 obs   107499-107639 107849-107886
  gate 16:  1 track(s),   184 obs   107861-108061   <- NO CROSSING (last gate, approach only)
  index reversals in race.csv: 1->0@102799, 16->0@108061
  backward extension added 1952 observations
  identified co-visible pair measurements: 938 from 3160 frames
  gates with at least one measured pair: 55  [('g', 0), ('g', 1), ('g', 3), ('g', 4), ('g', 5), ('g', 6), ('g', 7), ('g', 8), ('g', 10), ('g', 12), ('t', 1), ('t', 4), ('t', 85), ('t', 92), ('t', 95), ('t', 98), ('t', 117), ('t', 270), ('t', 289), ('t', 342), ('t', 344), ('t', 348), ('t', 355), ('t', 650), ('t', 657), ('t', 660), ('t', 717), ('t', 719), ('t', 737), ('t', 775), ('t', 957), ('t', 960), ('t', 980), ('t', 983), ('t', 987), ('t', 1002), ('t', 1054), ('t', 1067), ('t', 1319), ('t', 1329), ('t', 1330), ('t', 1331), ('t', 1335), ('t', 1336), ('t', 1361), ('t', 1384), ('t', 1399), ('t', 1446), ('t', 1540), ('t', 1543), ('t', 1550), ('t', 1556), ('t', 1572), ('t', 1899), ('t', 1903)]

=== 20260801-115735-vq2-lap-0-11  6647 frames
  tracks >= 4 obs: 804   longest [1484, 438, 407, 376, 322, 275, 247, 245, 235, 233]
  gate  0: track 87 un-named, contradicts track 79 in-frame by >3 m
  gate  0: track 7 un-named, contradicts track 6 in-frame by >3 m
  gate  0: track 81 un-named, contradicts track 79 in-frame by >3 m
  gate  1: track 93 un-named, contradicts track 191 in-frame by >3 m
  gate  1: track 99 un-named, contradicts track 174 in-frame by >3 m
  gate  1: track 181 un-named, contradicts track 191 in-frame by >3 m
  gate  3: track 357 un-named, contradicts track 368 in-frame by >3 m
  gate  4: track 415 un-named, contradicts track 370 in-frame by >3 m
  gate  5: track 507 un-named, contradicts track 462 in-frame by >3 m
  gate  5: track 510 un-named, contradicts track 462 in-frame by >3 m
  gate  5: track 496 un-named, contradicts track 462 in-frame by >3 m
  gate  5: track 523 un-named, contradicts track 462 in-frame by >3 m
  gate  7: track 711 un-named, contradicts track 692 in-frame by >3 m
  gate  7: track 687 un-named, contradicts track 692 in-frame by >3 m
  gate  7: track 699 un-named, contradicts track 692 in-frame by >3 m
  gate  7: track 728 un-named, contradicts track 692 in-frame by >3 m
  gate  7: track 696 un-named, contradicts track 692 in-frame by >3 m
  gate  7: track 691 un-named, contradicts track 692 in-frame by >3 m
  gate  8: track 789 un-named, contradicts track 742 in-frame by >3 m
  gate  8: track 786 un-named, contradicts track 742 in-frame by >3 m
  gate 10: track 951 un-named, contradicts track 973 in-frame by >3 m
  gate 10: track 965 un-named, contradicts track 973 in-frame by >3 m
  gate  0:  2 track(s),   370 obs   71615-71969 70034-70125
  gate  1:  2 track(s),   116 obs   72052-72165 72234-72287
  gate  2:  1 track(s),     9 obs   72529-72537
  gate  3:  2 track(s),   153 obs   72820-72943 72645-72749
  gate  4:  1 track(s),   245 obs   72839-73196
  gate  5:  1 track(s),   438 obs   73233-73739
  gate  6:  1 track(s),    37 obs   74059-74161
  gate  7:  2 track(s),   274 obs   74453-74741 74367-74420
  gate  8:  3 track(s),   190 obs   74739-75031 75132-75169 75088-75099
  gate  9:  2 track(s),   111 obs   75373-75507 75612-75651
  gate 10:  2 track(s),    91 obs   75844-75983 75742-75786
  gate 11:  2 track(s),   152 obs   75932-76195 76224-76233
  gate 12:  1 track(s),     4 obs   76344-76349   <- NO CROSSING (last gate, approach only)
  index reversals in race.csv: 12->0@76424
  backward extension added 2866 observations
  identified co-visible pair measurements: 1582 from 2742 frames
  gates with at least one measured pair: 45  [('g', 0), ('g', 1), ('g', 3), ('g', 4), ('g', 5), ('g', 6), ('g', 7), ('g', 8), ('g', 9), ('g', 10), ('t', 0), ('t', 7), ('t', 81), ('t', 87), ('t', 90), ('t', 93), ('t', 99), ('t', 103), ('t', 146), ('t', 181), ('t', 366), ('t', 415), ('t', 496), ('t', 501), ('t', 507), ('t', 510), ('t', 519), ('t', 523), ('t', 530), ('t', 564), ('t', 585), ('t', 589), ('t', 593), ('t', 691), ('t', 696), ('t', 699), ('t', 703), ('t', 711), ('t', 714), ('t', 744), ('t', 763), ('t', 786), ('t', 965), ('t', 1126), ('t', 1134)]

=== 20260801-144858-vqual2-lap-pausing  10117 frames
  tracks >= 4 obs: 1547   longest [649, 581, 489, 485, 484, 469, 426, 424, 420, 397]
  gate  0: track 86 un-named, contradicts track 105 in-frame by >3 m
  gate  0: track 4 un-named, contradicts track 0 in-frame by >3 m
  gate  0: track 93 un-named, contradicts track 105 in-frame by >3 m
  gate  0: track 95 un-named, contradicts track 105 in-frame by >3 m
  gate  1: track 365 un-named, contradicts track 381 in-frame by >3 m
  gate  1: track 183 un-named, contradicts track 200 in-frame by >3 m
  gate  1: track 201 un-named, contradicts track 200 in-frame by >3 m
  gate  1: track 188 un-named, contradicts track 200 in-frame by >3 m
  gate  1: track 195 un-named, contradicts track 200 in-frame by >3 m
  gate  1: track 191 un-named, contradicts track 200 in-frame by >3 m
  gate  1: track 303 un-named, contradicts track 347 in-frame by >3 m
  gate  1: track 401 un-named, contradicts track 381 in-frame by >3 m
  gate  1: track 173 un-named, contradicts track 138 in-frame by >3 m
  gate  1: track 96 un-named, contradicts track 200 in-frame by >3 m
  gate  2: track 542 un-named, contradicts track 596 in-frame by >3 m
  gate  3: track 619 un-named, contradicts track 672 in-frame by >3 m
  gate  4: track 825 un-named, contradicts track 723 in-frame by >3 m
  gate  4: track 828 un-named, contradicts track 723 in-frame by >3 m
  gate  5: track 987 un-named, contradicts track 1007 in-frame by >3 m
  gate  5: track 972 un-named, contradicts track 957 in-frame by >3 m
  gate  5: track 981 un-named, contradicts track 980 in-frame by >3 m
  gate  5: track 968 un-named, contradicts track 957 in-frame by >3 m
  gate  5: track 963 un-named, contradicts track 957 in-frame by >3 m
  gate  6: track 986 un-named, contradicts track 999 in-frame by >3 m
  gate  6: track 1038 un-named, contradicts track 999 in-frame by >3 m
  gate  7: track 1204 un-named, contradicts track 1261 in-frame by >3 m
  gate  7: track 1286 un-named, contradicts track 1261 in-frame by >3 m
  gate  7: track 1241 un-named, contradicts track 1261 in-frame by >3 m
  gate  7: track 1256 un-named, contradicts track 1261 in-frame by >3 m
  gate  7: track 1292 un-named, contradicts track 1261 in-frame by >3 m
  gate  7: track 1329 un-named, contradicts track 1261 in-frame by >3 m
  gate  7: track 1270 un-named, contradicts track 1261 in-frame by >3 m
  gate  9: track 1495 un-named, contradicts track 1493 in-frame by >3 m
  gate 11: track 1730 un-named, contradicts track 1743 in-frame by >3 m
  gate 11: track 1700 un-named, contradicts track 1743 in-frame by >3 m
  gate 11: track 1725 un-named, contradicts track 1743 in-frame by >3 m
  gate 11: track 1698 un-named, contradicts track 1743 in-frame by >3 m
  gate 11: track 1753 un-named, contradicts track 1791 in-frame by >3 m
  gate 11: track 1761 un-named, contradicts track 1768 in-frame by >3 m
  gate 12: track 1762 un-named, contradicts track 1835 in-frame by >3 m
  gate 12: track 1833 un-named, contradicts track 1835 in-frame by >3 m
  gate 13: track 2026 un-named, contradicts track 2035 in-frame by >3 m
  gate 13: track 1996 un-named, contradicts track 2035 in-frame by >3 m
  gate 13: track 1956 un-named, contradicts track 1949 in-frame by >3 m
  gate 13: track 2021 un-named, contradicts track 2035 in-frame by >3 m
  gate 13: track 1934 un-named, contradicts track 1949 in-frame by >3 m
  gate 13: track 1987 un-named, contradicts track 1995 in-frame by >3 m
  gate 13: track 2000 un-named, contradicts track 2035 in-frame by >3 m
  gate 15: track 2225 un-named, contradicts track 2217 in-frame by >3 m
  gate  0:  3 track(s),   327 obs   25091-25320 25353-25444 24877-24970
  gate  1:  6 track(s),   364 obs   25427-25671 26342-26538 26099-26235
  gate  2:  3 track(s),   243 obs   26837-26993 27071-27190 27231-27246
  gate  3:  2 track(s),    97 obs   27349-27419 27582-27657
  gate  4:  1 track(s),   489 obs   27891-28543
  gate  5:  5 track(s),   575 obs   28986-29312 28711-28915 29332-29404
  gate  6:  1 track(s),   581 obs   29480-30122
  gate  7:  3 track(s),   352 obs   30558-31018 30246-30364 30516-30573
  gate  8:  1 track(s),   263 obs   30996-31329
  gate  9:  1 track(s),   188 obs   31628-31839
  gate 10:  1 track(s),   147 obs   32032-32406
  gate 11:  5 track(s),   377 obs   32812-33041 32584-32728 32397-32516
  gate 12:  2 track(s),   131 obs   33239-33422 33578-33605
  gate 13:  4 track(s),   269 obs   34041-34211 33579-33669 33764-33820
  gate 14:  2 track(s),    94 obs   34543-34650 34722-34733
  gate 15:  1 track(s),    72 obs   34834-34991   <- NO CROSSING (last gate, approach only)
  backward extension added 3107 observations
  identified co-visible pair measurements: 2642 from 6242 frames
  gates with at least one measured pair: 100  [('g', 0), ('g', 1), ('g', 2), ('g', 4), ('g', 5), ('g', 6), ('g', 7), ('g', 8), ('g', 9), ('g', 10), ('g', 11), ('g', 12), ('g', 13), ('g', 14), ('g', 15), ('t', 1), ('t', 2), ('t', 4), ('t', 8), ('t', 84), ('t', 86), ('t', 93), ('t', 95), ('t', 96), ('t', 109), ('t', 115), ('t', 148), ('t', 173), ('t', 177), ('t', 183), ('t', 188), ('t', 191), ('t', 195), ('t', 201), ('t', 303), ('t', 408), ('t', 538), ('t', 542), ('t', 577), ('t', 733), ('t', 825), ('t', 828), ('t', 898), ('t', 963), ('t', 965), ('t', 986), ('t', 990), ('t', 992), ('t', 995), ('t', 1063), ('t', 1071), ('t', 1072), ('t', 1081), ('t', 1093), ('t', 1094), ('t', 1104), ('t', 1204), ('t', 1205), ('t', 1241), ('t', 1256), ('t', 1258), ('t', 1276), ('t', 1277), ('t', 1286), ('t', 1291), ('t', 1292), ('t', 1311), ('t', 1332), ('t', 1379), ('t', 1387), ('t', 1394), ('t', 1495), ('t', 1587), ('t', 1602), ('t', 1606), ('t', 1614), ('t', 1627), ('t', 1730), ('t', 1745), ('t', 1748), ('t', 1753), ('t', 1761), ('t', 1762), ('t', 1774), ('t', 1795), ('t', 1833), ('t', 1841), ('t', 1845), ('t', 1857), ('t', 1861), ('t', 1900), ('t', 1934), ('t', 1956), ('t', 1982), ('t', 1987), ('t', 2000), ('t', 2021), ('t', 2026), ('t', 2125), ('t', 2136)]
  markers: 25   pair rows in marker windows: 485 (41 gate-gate)
    marker  1 (active  1): named gates co-visible [1]
    marker  2 (active  1): named gates co-visible []
    marker  3 (active  2): named gates co-visible [2]
    marker  4 (active  2): named gates co-visible [2]
    marker  5 (active  3): named gates co-visible []
    marker  6 (active  3): named gates co-visible []
    marker  7 (active  4): named gates co-visible []
    marker  8 (active  5): named gates co-visible [5]
    marker  9 (active  5): named gates co-visible []
    marker 10 (active  6): named gates co-visible [6]
    marker 11 (active  6): named gates co-visible []
    marker 12 (active  7): named gates co-visible []
    marker 13 (active  7): named gates co-visible [7, 8]
    marker 14 (active  8): named gates co-visible [8]
    marker 15 (active  8): named gates co-visible []
    marker 16 (active  9): named gates co-visible [9]
    marker 17 (active 10): named gates co-visible [10, 11]
    marker 18 (active 10): named gates co-visible [10, 11]
    marker 19 (active 11): named gates co-visible [11]
    marker 20 (active 11): named gates co-visible [11, 12]
    marker 21 (active 12): named gates co-visible [12]
    marker 22 (active 12): named gates co-visible [13]
    marker 23 (active 13): named gates co-visible [13]
    marker 24 (active 14): named gates co-visible [14]
    marker 25 (active 14): named gates co-visible [14, 15]

=== strafing session, gates 15/16 by Claire's note (no race index)
    445 frames with exactly two clean detections
    horizontal separation  median 21.00 m  p10 20.24  p90 22.02
    |height step|          median 0.90 m
  [mapedges 2-lap-0-15] accepted=331  candidates=2839  continuity-unchecked=43  pair-rows=30  refused-aspect=1  refused-continuity=14  refused-range-disagree=28  refused-small=1359  refused-unstable=1106
  [mapedges 2-lap-0-11] accepted=369  candidates=1897  continuity-unchecked=27  pair-rows=99  refused-aspect=1  refused-continuity=33  refused-range-disagree=11  refused-small=895  refused-unstable=588
  [mapedges ap-pausing] accepted=425  candidates=2731  continuity-unchecked=37  pair-rows=59  pair-same-object=3  refused-continuity=12  refused-range-disagree=89  refused-small=828  refused-unstable=1377

--- missing-edge diagnosis (both gates over the run windows)
  edge 2-3: co-present frames 362
      both in frame: g2=unstable         g3=small            x129
      both in frame: g2=unstable         g3=unstable         x97
      both in frame: g2=clean            g3=small            x79
      both in frame: g2=clean            g3=unstable         x32
      both in frame: g2=accepted         g3=unstable         x12
      both in frame: g2=accepted         g3=small            x7
      g2 alone: 149 frames  (smallx83  unstablex66)
      g3 alone: 321 frames  (unstablex139  cleanx88  smallx83  acceptedx11)
  edge 6-7: co-present frames 338
      both in frame: g6=clean            g7=small            x109
      both in frame: g6=unstable         g7=unstable         x59
      both in frame: g6=clean            g7=unstable         x56
      both in frame: g6=unstable         g7=small            x41
      both in frame: g6=accepted         g7=small            x28
      both in frame: g6=small            g7=small            x22
      g6 alone: 574 frames  (smallx236  acceptedx159  cleanx107  unstablex61)
      g7 alone: 322 frames  (unstablex156  cleanx106  acceptedx55  smallx4)
  edge 9-10: co-present frames 55
      both in frame: g9=accepted         g10=small            x24
      both in frame: g9=clean            g10=small            x10
      both in frame: g9=unstable         g10=unstable         x9
      both in frame: g9=clean            g10=unstable         x6
      both in frame: g9=unstable         g10=small            x5
      both in frame: g9=accepted         g10=unstable         x1
      g9 alone: 477 frames  (unstablex170  acceptedx170  smallx80  cleanx35)
      g10 alone: 491 frames  (unstablex298  cleanx95  smallx53  acceptedx44)
  edge 13-14: co-present frames 0
      g13 alone: 430 frames  (smallx194  cleanx148  unstablex52  acceptedx36)
      g14 alone: 414 frames  (smallx163  unstablex140  range-disagreex74  cleanx34)

--- residual-gate sensitivity (accepted net measurements / pair rows)
Traceback (most recent call last):
  File [35m"C:\Users\USER\Projects\vqual-2\pilot\perception\mapedges.py"[0m, line [35m589[0m, in [35m<module>[0m
    [31mmain[0m[1;31m()[0m
    [31m~~~~[0m[1;31m^^[0m
  File [35m"C:\Users\USER\Projects\vqual-2\pilot\perception\mapedges.py"[0m, line [35m415[0m, in [35mmain[0m
    for thr in sorted(set(RESID_REPORT + ([1;31ma.resid[0m,))):
                                          [1;31m^^^^^^^[0m
[1;35mAttributeError[0m: [35m'NoneType' object has no attribute 'resid'[0m
