44858-vqual2-lap-pausing marker  0: n= 45 true-yaw  +0.00 deg  residual p-p  1.73 std 0.36
44858-vqual2-lap-pausing marker  1: n= 45 true-yaw  -0.03 deg  residual p-p  4.11 std 1.02
44858-vqual2-lap-pausing marker  2: n= 45 true-yaw  -0.00 deg  residual p-p  0.63 std 0.11
44858-vqual2-lap-pausing marker  3: n= 45 true-yaw  -0.00 deg  residual p-p  3.27 std 0.52
44858-vqual2-lap-pausing marker  4: n= 45 true-yaw  +0.22 deg  residual p-p  6.53 std 1.25
44858-vqual2-lap-pausing marker  5: n= 45 true-yaw  +0.00 deg  residual p-p  1.36 std 0.28
44858-vqual2-lap-pausing marker  6: n= 45 true-yaw  -0.00 deg  residual p-p  2.06 std 0.42
44858-vqual2-lap-pausing marker  7: n= 45 true-yaw  -0.00 deg  residual p-p  1.12 std 0.27
44858-vqual2-lap-pausing marker  8: n= 45 true-yaw  +0.00 deg  residual p-p  1.73 std 0.34
44858-vqual2-lap-pausing marker  9: n= 45 true-yaw  +0.05 deg  residual p-p  1.73 std 0.36
44858-vqual2-lap-pausing marker 10: n= 45 true-yaw  -0.00 deg  residual p-p  5.25 std 1.15
44858-vqual2-lap-pausing marker 11: n= 45 true-yaw  +0.06 deg  residual p-p  2.28 std 0.48
44858-vqual2-lap-pausing marker 12: n= 45 true-yaw  -0.04 deg  residual p-p  1.57 std 0.34
44858-vqual2-lap-pausing marker 13: n= 45 true-yaw  -0.00 deg  residual p-p  0.91 std 0.18
44858-vqual2-lap-pausing marker 14: n= 45 true-yaw  -0.04 deg  residual p-p  1.40 std 0.28
44858-vqual2-lap-pausing marker 15: n= 45 true-yaw  +0.00 deg  residual p-p  1.53 std 0.41
44858-vqual2-lap-pausing marker 16: n= 45 true-yaw  +0.39 deg  residual p-p  3.23 std 0.55
44858-vqual2-lap-pausing marker 17: n= 45 true-yaw  +0.00 deg  residual p-p  1.04 std 0.22
44858-vqual2-lap-pausing marker 18: n= 45 true-yaw  +0.07 deg  residual p-p  3.14 std 0.64
44858-vqual2-lap-pausing marker 19: n= 45 true-yaw  +0.09 deg  residual p-p  2.06 std 0.53
44858-vqual2-lap-pausing marker 20: n= 45 true-yaw  +0.00 deg  residual p-p  0.94 std 0.22
44858-vqual2-lap-pausing marker 21: n= 45 true-yaw  +0.00 deg  residual p-p  1.03 std 0.26
44858-vqual2-lap-pausing marker 22: n= 45 true-yaw  -0.00 deg  residual p-p  2.52 std 0.50
44858-vqual2-lap-pausing marker 23: n= 45 true-yaw  -0.00 deg  residual p-p  0.97 std 0.23
44858-vqual2-lap-pausing marker 24: n= 45 true-yaw  -0.00 deg  residual p-p  1.66 std 0.39
5701-vq2-targeting-pairs marker  0: n= 45 true-yaw  -0.00 deg  residual p-p  1.62 std 0.35
5701-vq2-targeting-pairs marker  1: n= 45 true-yaw  -0.01 deg  residual p-p  2.94 std 0.54
5701-vq2-targeting-pairs marker  2: n= 45 true-yaw  +0.00 deg  residual p-p  2.60 std 0.67
5701-vq2-targeting-pairs marker  3: n= 45 true-yaw  -0.00 deg  residual p-p  1.13 std 0.32
5701-vq2-targeting-pairs marker  4: n= 45 true-yaw  +0.00 deg  residual p-p  1.06 std 0.25
5701-vq2-targeting-pairs marker  5: n= 45 true-yaw  +0.00 deg  residual p-p  1.45 std 0.31
5701-vq2-targeting-pairs marker  6: n= 45 true-yaw  -0.00 deg  residual p-p  1.44 std 0.38
5701-vq2-targeting-pairs marker  7: n= 45 true-yaw  +0.00 deg  residual p-p  5.51 std 0.95
5701-vq2-targeting-pairs marker  8: n= 44 true-yaw  -0.05 deg  residual p-p  2.21 std 0.45
5701-vq2-targeting-pairs marker  9: n= 45 true-yaw  +0.00 deg  residual p-p  1.41 std 0.36
5701-vq2-targeting-pairs marker 10: n= 45 true-yaw  +0.35 deg  residual p-p  1.77 std 0.45
5701-vq2-targeting-pairs marker 11: n= 45 true-yaw  -0.00 deg  residual p-p  0.46 std 0.11
5701-vq2-targeting-pairs marker 12: n= 44 true-yaw  -0.00 deg  residual p-p  0.63 std 0.18
5701-vq2-targeting-pairs marker 13: n= 45 true-yaw  -0.00 deg  residual p-p  1.03 std 0.18
5701-vq2-targeting-pairs marker 14: n= 44 true-yaw +10.90 deg  residual p-p  3.52 std 0.66
01-202110-vq2-23-67-1314 marker  0: n=120 true-yaw  -0.02 deg  residual p-p  5.00 std 0.95
01-202110-vq2-23-67-1314 marker  1: n=120 true-yaw  +1.79 deg  residual p-p  8.86 std 1.85
01-202110-vq2-23-67-1314 marker  2: n=120 true-yaw  +1.29 deg  residual p-p  3.80 std 0.62
01-202110-vq2-23-67-1314 marker  3: n=117 true-yaw -25.25 deg  residual p-p  5.49 std 1.08
01-202110-vq2-23-67-1314 marker  4: n=120 true-yaw  -0.07 deg  residual p-p  2.20 std 0.36
01-202110-vq2-23-67-1314 marker  5: n=120 true-yaw  -0.01 deg  residual p-p  3.25 std 0.35
801-202923-vq2-1213-1214 marker  0: n=120 true-yaw  +0.07 deg  residual p-p  2.05 std 0.34
801-202923-vq2-1213-1214 marker  1: n=120 true-yaw  +0.04 deg  residual p-p  1.73 std 0.28
801-202923-vq2-1213-1214 marker  2: n=120 true-yaw  -0.00 deg  residual p-p  0.94 std 0.16
801-202923-vq2-1213-1214 marker  3: n=120 true-yaw  -0.11 deg  residual p-p  3.83 std 0.66
801-202923-vq2-1213-1214 marker  4: n=120 true-yaw  -0.01 deg  residual p-p  2.11 std 0.28
801-202923-vq2-1213-1214 marker  5: n=120 true-yaw  +0.00 deg  residual p-p  0.99 std 0.19
>> 52 windows: gyro-compensated p-p median 1.73 deg (p90 4.91); 8/52 under 1 deg
