=== PnP-free edge lean, by APPARENT SIZE (deg; n in parens)
gate  0-25 px         25-60 px        60-120 px       >=120 px      
0     6.7 (n56)       3.4 (n287)      1.2 (n252)      0.6 (n85)     
1     4.7 (n356)      2.6 (n251)      1.3 (n43)       0.9 (n120)    
2     3.9 (n101)      3.9 (n177)      1.9 (n29)       1.3 (n84)     
3     8.6 (n207)      2.6 (n43)       2.0 (n116)      1.2 (n69)     
4     4.0 (n222)      2.8 (n439)      1.9 (n6)        0.6 (n24)     
5     4.4 (n660)      2.6 (n372)      1.9 (n41)       0.6 (n10)     
6     4.6 (n506)      2.0 (n285)      1.0 (n85)       0.8 (n57)     
7     3.7 (n72)       3.2 (n345)      2.4 (n167)      2.1 (n65)     
8     6.7 (n824)      2.2 (n85)       2.4 (n78)       0.8 (n107)    
9     6.4 (n118)      3.5 (n134)      2.8 (n91)       5.2 (n39)     
10    -  (n4)         -  (n0)         1.9 (n72)       1.2 (n75)     
11    3.5 (n403)      2.8 (n37)       1.7 (n18)       0.8 (n69)     
12    4.4 (n1294)     3.6 (n381)      4.0 (n72)       1.3 (n70)     
13    3.5 (n233)      3.3 (n191)      2.3 (n82)       1.1 (n22)     
14    4.5 (n36)       -  (n1)         -  (n0)         0.9 (n19)     
15    4.7 (n284)      -  (n0)         -  (n0)         1.2 (n17)     
16    5.6 (n56)       4.8 (n67)       -  (n0)         -  (n0)       

=== PnP-free edge lean, by RANGE (deg)
gate  0-10 m          10-15 m         15-25 m         >=25 m        
0     1.4 (n473)      3.4 (n136)      7.5 (n21)       6.4 (n50)     
1     1.0 (n171)      2.3 (n86)       2.5 (n161)      4.7 (n352)    
2     1.4 (n113)      3.9 (n68)       3.7 (n165)      4.6 (n45)     
3     1.8 (n202)      1.7 (n20)       -  (n3)         8.6 (n210)    
4     0.7 (n30)       2.9 (n125)      2.8 (n405)      5.5 (n131)    
5     1.7 (n65)       2.1 (n71)       3.2 (n387)      4.4 (n560)    
6     1.0 (n168)      2.2 (n141)      2.1 (n127)      4.5 (n497)    
7     2.4 (n287)      3.3 (n110)      3.2 (n199)      4.4 (n53)     
8     1.8 (n214)      2.1 (n23)       3.8 (n261)      8.7 (n596)    
9     3.3 (n131)      5.7 (n13)       3.1 (n120)      6.4 (n118)    
10    1.3 (n147)      -  (n0)         -  (n0)         -  (n4)       
11    0.9 (n87)       -  (n0)         2.1 (n72)       3.7 (n368)    
12    2.1 (n142)      1.2 (n14)       3.7 (n598)      4.5 (n1063)   
13    2.0 (n104)      6.5 (n24)       3.3 (n284)      3.4 (n116)    
14    0.9 (n19)       -  (n0)         -  (n1)         4.5 (n36)     
15    1.2 (n17)       -  (n0)         -  (n2)         4.7 (n282)    
16    -  (n0)         -  (n1)         4.7 (n68)       5.6 (n54)     

=== BEST-VIEW bucket (size >= 60 px): per-session medians + signed lean
gate       n lean_med      IQR  sgn_med   per-session
0        337     1.06     1.47    -0.73   115735:0.9(n142) 121520:1.7(n44) 144858:1.1(n97) 202110:1.2(n34) 202923:1.4(n20)
1        163     1.01     0.91    -0.75   115735:2.1(n43) 121520:1.2(n10) 144858:0.8(n99) 202110:0.3(n11)
2        113     1.38     1.79     0.82   115735:0.5(n9) 121520:1.3(n63) 202923:2.4(n41)
3        185     1.66     2.45    -0.72   115735:0.7(n92) 121520:5.6(n7) 202923:2.7(n82)
4         30     0.72     0.79    -0.36   121520:0.8(n5) 202110:1.0(n11) 202923:0.4(n13)
5         51     1.64     1.39    -0.43   115735:1.9(n39) 144858:0.6(n10)
6        142     0.91     0.95    -0.85   121520:0.8(n56) 144858:1.3(n58) 202110:1.8(n6) 202923:0.7(n22)
7        232     2.31     2.95    -1.14   115735:1.1(n90) 121520:3.0(n36) 144858:9.0(n45) 202110:2.9(n48) 202923:0.7(n13)
8        185     1.88     3.72    -1.53   115735:2.1(n81) 121520:2.2(n25) 202110:0.9(n58) 202923:1.7(n21)
9        130     3.30     2.10     3.18   115735:2.7(n86) 121520:6.6(n20) 202110:4.2(n20)
10       147     1.32     1.38    -1.11   115735:1.7(n62) 121520:1.0(n17) 144858:1.2(n43) 202923:1.5(n25)
11        87     0.85     1.19    -0.39   115735:0.6(n10) 121520:0.8(n6) 144858:1.6(n42) 202923:0.8(n29)
12       142     2.08     3.40    -1.71   121520:2.9(n92) 144858:1.2(n28) 202110:0.6(n16) 202923:1.3(n6)
13       104     2.03     2.98     0.97   144858:1.2(n31) 202110:2.3(n73)
14        19     0.86     0.65    -0.67   121520:1.2(n7) 144858:0.6(n12)
15        17     1.21     0.46     1.03   121520:1.2(n17)
16         0  (too few best-view rows)

wrote tiltstrat_bestview.json
